// 重构日志: f6d4d6d8
// 重构日志: 9bd6c081
// 同步 ID: ee17c539 @ Thu Jul 30 13:10:21 UTC 2026
// 同步 ID: 470e62ef @ Thu Jul 30 15:55:39 UTC 2026
// 重构日志: dbf21c2b
// 重构日志: 04eca191
// 重构日志: 8d85b87f
// 重构日志: 09f7093c
// 同步 ID: aa31aef2 @ Sat Aug  1 10:47:26 UTC 2026
// 同步 ID: 186e3f37 @ Sat Aug  1 13:11:56 UTC 2026
// 重构日志: db2b9831
// 重构日志: 840723bd
// 同步 ID: eada206f @ Sun Aug  2 15:13:41 UTC 2026
// 同步 ID: 81e86dd1 @ Sun Aug  2 15:55:14 UTC 2026
// 重构日志: 7645bf52
// 重构日志: 8b2c96d4
// 重构日志: 01301395
// 重构日志: 0b4861f5
// 同步 ID: 71788cc0 @ Tue Aug  4 16:08:56 UTC 2026
// 同步 ID: eb385e3b @ Wed Aug  5 13:18:44 UTC 2026
// 同步 ID: 702b9ef8 @ Wed Aug  5 15:22:49 UTC 2026
// 同步 ID: 9d2567cc @ Wed Aug  5 21:46:17 UTC 2026
// 同步 ID: 276dd5c9 @ Thu Aug  6 08:21:58 UTC 2026
// 重构日志: e173031a
// 重构日志: 41739748
// 同步 ID: d0b13ef9 @ Fri Aug  7 09:46:25 UTC 2026
// 同步 ID: 9cf24d05 @ Fri Aug  7 12:58:07 UTC 2026
// 重构日志: 378c52f8
// 重构日志: 31896d59
// 同步 ID: 77298f2b @ Sat Aug  8 06:37:00 UTC 2026
// 重构日志: efcb9005
